<html>
<body>
<pre>
<h1>µVision Build Log</h1>
<h2>Project:</h2>
C:\Users\Johnny Cuenca\OneDrive\CSULB\CSULB Spring Semester 2017\CECS 490 - Senior Design II\SeniorDesign_Quadcopter_TM4C\compdcm_mpu9150 - Copy\compdcm_mpu9150.uvproj
Project File Date:  04/22/2017

<h2>Output:</h2>
Build target 'compdcm_mpu9150'
linking...
Program Size: Code=13220 RO-data=476 RW-data=88 ZI-data=2808  
After Build - User command #1: fromelf --bin --output .\rvmdk\compdcm_mpu9150.bin .\rvmdk\compdcm_mpu9150.axf
".\rvmdk\compdcm_mpu9150.axf" - 0 Error(s), 0 Warning(s).
Load "C:\\Users\\Johnny Cuenca\\OneDrive\\CSULB\\CSULB Spring Semester 2017\\CECS 490 - Senior Design II\\SeniorDesign_Quadcopter_TM4C\\compdcm_mpu9150 - Copy\\rvmdk\\compdcm_mpu9150.axf" 
Connecting: Mode=JTAG, Speed=1000000Hz
Erase Done.
Programming Done.
Verify OK.
 "pfQuaternion" was set but never used
      float *pfAccel, *pfGyro, *pfMag, *pfEulers, *pfQuaternion;
compdcm_mpu9150.c(540): warning:  #177-D: variable "motor1" was declared but never referenced
          int motor1, motor2, motor3, motor4;//PB6, PB7, PB4, PB5
compdcm_mpu9150.c(540): warning:  #177-D: variable "motor2" was declared but never referenced
          int motor1, motor2, motor3, motor4;//PB6, PB7, PB4, PB5
compdcm_mpu9150.c(540): warning:  #177-D: variable "motor3" was declared but never referenced
          int motor1, motor2, motor3, motor4;//PB6, PB7, PB4, PB5
compdcm_mpu9150.c(540): warning:  #177-D: variable "motor4" was declared but never referenced
          int motor1, motor2, motor3, motor4;//PB6, PB7, PB4, PB5
compdcm_mpu9150.c(546): warning:  #177-D: variable "motorLeftStr" was declared but never referenced
                char motorLeftStr[5];
compdcm_mpu9150.c(547): warning:  #177-D: variable "motorRightStr" was declared but never referenced
                char motorRightStr[5];
compdcm_mpu9150.c(549): warning:  #177-D: variable "pvstr" was declared but never referenced
                char pvstr[80];
compdcm_mpu9150.c(550): warning:  #177-D: variable "mvstr" was declared but never referenced
                char mvstr[80];
compdcm_mpu9150.c(551): warning:  #177-D: variable "spstr" was declared but never referenced
                char spstr[80];
compdcm_mpu9150.c(552): warning:  #177-D: variable "kpstr" was declared but never referenced
                char kpstr[80];
compdcm_mpu9150.c(553): warning:  #177-D: variable "gyroRollStr" was declared but never referenced
                char gyroRollStr[80];
compdcm_mpu9150.c(555): warning:  #177-D: variable "rangestr" was declared but never referenced
                char rangestr[80];
compdcm_mpu9150.c(556): warning:  #177-D: variable "errorstr" was declared but never referenced
                char errorstr[80];
compdcm_mpu9150.c(557): warning:  #177-D: variable "currentspeedstr" was declared but never referenced
                char currentspeedstr[80];
compdcm_mpu9150.c(559): warning:  #550-D: variable "canPrintOut" was set but never used
                bool canPrintOut = true;
compdcm_mpu9150.c: 19 warnings, 0 errors
compiling rgb.c...
assembling startup_rvmdk.S...
compiling uartstdio.c...
compiling tPID.c...
linking...
Program Size: Code=13240 RO-data=476 RW-data=88 ZI-data=2808  
After Build - User command #1: fromelf --bin --output .\rvmdk\compdcm_mpu9150.bin .\rvmdk\compdcm_mpu9150.axf
".\rvmdk\compdcm_mpu9150.axf" - 0 Error(s), 19 Warning(s).
Load "C:\\Users\\Johnny Cuenca\\OneDrive\\CSULB\\CSULB Spring Semester 2017\\CECS 490 - Senior Design II\\SeniorDesign_Quadcopter_TM4C\\compdcm_mpu9150 - Copy\\rvmdk\\compdcm_mpu9150.axf" 
Connecting: Mode=JTAG, Speed=1000000Hz
Erase Done.
Programming Done.
Verify OK.
compiling compdcm_mpu9150.c...
compdcm_mpu9150.c(545): warning:  #177-D: variable "i32IPart" was declared but never referenced
      int_fast32_t i32IPart[16], i32FPart[16];
compdcm_mpu9150.c(545): warning:  #177-D: variable "i32FPart" was declared but never referenced
      int_fast32_t i32IPart[16], i32FPart[16];
compdcm_mpu9150.c(546): warning:  #177-D: variable "ui32Idx" was declared but never referenced
      uint_fast32_t ui32Idx, ui32CompDCMStarted;
compdcm_mpu9150.c(548): warning:  #550-D: variable "pfQuaternion" was set but never used
      float *pfAccel, *pfGyro, *pfMag, *pfEulers, *pfQuaternion;
compdcm_mpu9150.c(551): warning:  #177-D: variable "motor1" was declared but never referenced
          int motor1, motor2, motor3, motor4;//PB6, PB7, PB4, PB5
compdcm_mpu9150.c(551): warning:  #177-D: variable "motor2" was declared but never referenced
          int motor1, motor2, motor3, motor4;//PB6, PB7, PB4, PB5
compdcm_mpu9150.c(551): warning:  #177-D: variable "motor3" was declared but never referenced
          int motor1, motor2, motor3, motor4;//PB6, PB7, PB4, PB5
compdcm_mpu9150.c(551): warning:  #177-D: variable "motor4" was declared but never referenced
          int motor1, motor2, motor3, motor4;//PB6, PB7, PB4, PB5
compdcm_mpu9150.c(557): warning:  #177-D: variable "motorLeftStr" was declared but never referenced
                char motorLeftStr[5];
compdcm_mpu9150.c(558): warning:  #177-D: variable "motorRightStr" was declared but never referenced
                char motorRightStr[5];
compdcm_mpu9150.c(560): warning:  #177-D: variable "pvstr" was declared but never referenced
                char pvstr[80];
compdcm_mpu9150.c(561): warning:  #177-D: variable "mvstr" was declared but never referenced
                char mvstr[80];
compdcm_mpu9150.c(562): warning:  #177-D: variable "spstr" was declared but never referenced
                char spstr[80];
compdcm_mpu9150.c(563): warning:  #177-D: variable "kpstr" was declared but never referenced
                char kpstr[80];
compdcm_mpu9150.c(564): warning:  #177-D: variable "gyroRollStr" was declared but never referenced
                char gyroRollStr[80];
compdcm_mpu9150.c(566): warning:  #177-D: variable "rangestr" was declared but never referenced
                char rangestr[80];
compdcm_mpu9150.c(567): warning:  #177-D: variable "errorstr" was declared but never referenced
                char errorstr[80];
compdcm_mpu9150.c(568): warning:  #177-D: variable "currentspeedstr" was declared but never referenced
                char currentspeedstr[80];
compdcm_mpu9150.c(570): warning:  #550-D: variable "canPrintOut" was set but never used
                bool canPrintOut = true;
compdcm_mpu9150.c: 19 warnings, 0 errors
"compdcm_mpu9150.c" - 0 Error(s), 19 Warning(s).
renced
                char currentspeedstr[80];
compdcm_mpu9150.c(557): warning:  #550-D: variable "canPrintOut" was set but never used
                bool canPrintOut = true;
compdcm_mpu9150.c: 19 warnings, 0 errors
"compdcm_mpu9150.c" - 0 Error(s), 19 Warning(s).
pdcm_mpu9150.c" - 0 Error(s), 20 Warning(s).
1): warning:  #177-D: variable "motorRightStr" was declared but never referenced
                char motorRightStr[5];
compdcm_mpu9150.c(503): warning:  #177-D: variable "pvstr" was declared but never referenced
                char pvstr[80];
compdcm_mpu9150.c(504): warning:  #177-D: variable "mvstr" was declared but never referenced
                char mvstr[80];
compdcm_mpu9150.c(505): warning:  #177-D: variable "spstr" was declared but never referenced
                char spstr[80];
compdcm_mpu9150.c(506): warning:  #177-D: variable "kpstr" was declared but never referenced
                char kpstr[80];
compdcm_mpu9150.c(507): warning:  #177-D: variable "gyroRollStr" was declared but never referenced
                char gyroRollStr[80];
compdcm_mpu9150.c(509): warning:  #177-D: variable "rangestr" was declared but never referenced
                char rangestr[80];
compdcm_mpu9150.c(510): warning:  #177-D: variable "errorstr" was declared but never referenced
                char errorstr[80];
compdcm_mpu9150.c(511): warning:  #177-D: variable "currentspeedstr" was declared but never referenced
                char currentspeedstr[80];
compdcm_mpu9150.c(513): warning:  #550-D: variable "canPrintOut" was set but never used
                bool canPrintOut = true;
compdcm_mpu9150.c: 19 warnings, 0 errors
"compdcm_mpu9150.c" - 0 Error(s), 19 Warning(s).
